// Jest Snapshot v1, https://goo.gl/fbAQLP

exports[`displays 'you lose' when maxWrong is reached 1`] = `
<div>
  <div
    class="Snowman"
  >
    <img
      alt="6"
      src="6.png"
    />
    <p>
      Number wrong: 
      6
    </p>
    <p
      class="Snowman-word"
    >
      _
      _
      _
      _
      _
    </p>
    <p
      class="buttonsArea"
      style="visibility: hidden;"
    >
      <button
        value="a"
      >
        a
      </button>
      <button
        disabled=""
        value="b"
      >
        b
      </button>
      <button
        disabled=""
        value="c"
      >
        c
      </button>
      <button
        disabled=""
        value="d"
      >
        d
      </button>
      <button
        value="e"
      >
        e
      </button>
      <button
        disabled=""
        value="f"
      >
        f
      </button>
      <button
        disabled=""
        value="g"
      >
        g
      </button>
      <button
        disabled=""
        value="h"
      >
        h
      </button>
      <button
        value="i"
      >
        i
      </button>
      <button
        value="j"
      >
        j
      </button>
      <button
        value="k"
      >
        k
      </button>
      <button
        value="l"
      >
        l
      </button>
      <button
        value="m"
      >
        m
      </button>
      <button
        value="n"
      >
        n
      </button>
      <button
        value="o"
      >
        o
      </button>
      <button
        value="p"
      >
        p
      </button>
      <button
        value="q"
      >
        q
      </button>
      <button
        value="r"
      >
        r
      </button>
      <button
        value="s"
      >
        s
      </button>
      <button
        value="t"
      >
        t
      </button>
      <button
        value="u"
      >
        u
      </button>
      <button
        value="v"
      >
        v
      </button>
      <button
        value="w"
      >
        w
      </button>
      <button
        value="x"
      >
        x
      </button>
      <button
        value="y"
      >
        y
      </button>
      <button
        value="z"
      >
        z
      </button>
    </p>
    <h3
      class="messageArea"
    >
      \`You lose, the correct word was 
      apple
      \`
    </h3>
  </div>
</div>
`;

exports[`displays 'you lose',  when maxWrong is reached 1`] = `
<div>
  <div
    class="Snowman"
  >
    <img
      alt="6"
      src="6.png"
    />
    <p>
      Number wrong: 
      6
    </p>
    <p
      class="Snowman-word"
    >
      _
      _
      _
      _
      _
    </p>
    <p
      class="buttonsArea"
      style="visibility: hidden;"
    >
      <button
        value="a"
      >
        a
      </button>
      <button
        disabled=""
        value="b"
      >
        b
      </button>
      <button
        disabled=""
        value="c"
      >
        c
      </button>
      <button
        disabled=""
        value="d"
      >
        d
      </button>
      <button
        value="e"
      >
        e
      </button>
      <button
        disabled=""
        value="f"
      >
        f
      </button>
      <button
        disabled=""
        value="g"
      >
        g
      </button>
      <button
        disabled=""
        value="h"
      >
        h
      </button>
      <button
        value="i"
      >
        i
      </button>
      <button
        value="j"
      >
        j
      </button>
      <button
        value="k"
      >
        k
      </button>
      <button
        value="l"
      >
        l
      </button>
      <button
        value="m"
      >
        m
      </button>
      <button
        value="n"
      >
        n
      </button>
      <button
        value="o"
      >
        o
      </button>
      <button
        value="p"
      >
        p
      </button>
      <button
        value="q"
      >
        q
      </button>
      <button
        value="r"
      >
        r
      </button>
      <button
        value="s"
      >
        s
      </button>
      <button
        value="t"
      >
        t
      </button>
      <button
        value="u"
      >
        u
      </button>
      <button
        value="v"
      >
        v
      </button>
      <button
        value="w"
      >
        w
      </button>
      <button
        value="x"
      >
        x
      </button>
      <button
        value="y"
      >
        y
      </button>
      <button
        value="z"
      >
        z
      </button>
    </p>
    <h3
      class="messageArea"
    >
      \`You lose, the correct word was 
      apple
      \`
    </h3>
  </div>
</div>
`;

exports[`displays 'you lose', ' when maxWrong is reached 1`] = `
<div>
  <div
    class="Snowman"
  >
    <img
      alt="6"
      src="6.png"
    />
    <p>
      Number wrong: 
      6
    </p>
    <p
      class="Snowman-word"
    >
      _
      _
      _
      _
      _
    </p>
    <p
      class="buttonsArea"
      style="visibility: hidden;"
    >
      <button
        value="a"
      >
        a
      </button>
      <button
        disabled=""
        value="b"
      >
        b
      </button>
      <button
        disabled=""
        value="c"
      >
        c
      </button>
      <button
        disabled=""
        value="d"
      >
        d
      </button>
      <button
        value="e"
      >
        e
      </button>
      <button
        disabled=""
        value="f"
      >
        f
      </button>
      <button
        disabled=""
        value="g"
      >
        g
      </button>
      <button
        disabled=""
        value="h"
      >
        h
      </button>
      <button
        value="i"
      >
        i
      </button>
      <button
        value="j"
      >
        j
      </button>
      <button
        value="k"
      >
        k
      </button>
      <button
        value="l"
      >
        l
      </button>
      <button
        value="m"
      >
        m
      </button>
      <button
        value="n"
      >
        n
      </button>
      <button
        value="o"
      >
        o
      </button>
      <button
        value="p"
      >
        p
      </button>
      <button
        value="q"
      >
        q
      </button>
      <button
        value="r"
      >
        r
      </button>
      <button
        value="s"
      >
        s
      </button>
      <button
        value="t"
      >
        t
      </button>
      <button
        value="u"
      >
        u
      </button>
      <button
        value="v"
      >
        v
      </button>
      <button
        value="w"
      >
        w
      </button>
      <button
        value="x"
      >
        x
      </button>
      <button
        value="y"
      >
        y
      </button>
      <button
        value="z"
      >
        z
      </button>
    </p>
    <h3
      class="messageArea"
    >
      \`You lose, the correct word was 
      apple
      \`
    </h3>
  </div>
</div>
`;

exports[`displays 'you lose', 'answer' when maxWrong is reached 1`] = `
<div>
  <div
    class="Snowman"
  >
    <img
      alt="6"
      src="6.png"
    />
    <p>
      Number wrong: 
      6
    </p>
    <p
      class="Snowman-word"
    >
      _
      _
      _
      _
      _
    </p>
    <p
      class="buttonsArea"
      style="visibility: hidden;"
    >
      <button
        value="a"
      >
        a
      </button>
      <button
        disabled=""
        value="b"
      >
        b
      </button>
      <button
        disabled=""
        value="c"
      >
        c
      </button>
      <button
        disabled=""
        value="d"
      >
        d
      </button>
      <button
        value="e"
      >
        e
      </button>
      <button
        disabled=""
        value="f"
      >
        f
      </button>
      <button
        disabled=""
        value="g"
      >
        g
      </button>
      <button
        disabled=""
        value="h"
      >
        h
      </button>
      <button
        value="i"
      >
        i
      </button>
      <button
        value="j"
      >
        j
      </button>
      <button
        value="k"
      >
        k
      </button>
      <button
        value="l"
      >
        l
      </button>
      <button
        value="m"
      >
        m
      </button>
      <button
        value="n"
      >
        n
      </button>
      <button
        value="o"
      >
        o
      </button>
      <button
        value="p"
      >
        p
      </button>
      <button
        value="q"
      >
        q
      </button>
      <button
        value="r"
      >
        r
      </button>
      <button
        value="s"
      >
        s
      </button>
      <button
        value="t"
      >
        t
      </button>
      <button
        value="u"
      >
        u
      </button>
      <button
        value="v"
      >
        v
      </button>
      <button
        value="w"
      >
        w
      </button>
      <button
        value="x"
      >
        x
      </button>
      <button
        value="y"
      >
        y
      </button>
      <button
        value="z"
      >
        z
      </button>
    </p>
    <h3
      class="messageArea"
    >
      \`You lose, the correct word was 
      apple
      \`
    </h3>
  </div>
</div>
`;

exports[`displays 'you lose', 'answer' when maxWrong is reached,  1`] = `
<div>
  <div
    class="Snowman"
  >
    <img
      alt="6"
      src="6.png"
    />
    <p>
      Number wrong: 
      6
    </p>
    <p
      class="Snowman-word"
    >
      _
      _
      _
      _
      _
    </p>
    <p
      class="buttonsArea"
      style="visibility: hidden;"
    >
      <button
        value="a"
      >
        a
      </button>
      <button
        disabled=""
        value="b"
      >
        b
      </button>
      <button
        disabled=""
        value="c"
      >
        c
      </button>
      <button
        disabled=""
        value="d"
      >
        d
      </button>
      <button
        value="e"
      >
        e
      </button>
      <button
        disabled=""
        value="f"
      >
        f
      </button>
      <button
        disabled=""
        value="g"
      >
        g
      </button>
      <button
        disabled=""
        value="h"
      >
        h
      </button>
      <button
        value="i"
      >
        i
      </button>
      <button
        value="j"
      >
        j
      </button>
      <button
        value="k"
      >
        k
      </button>
      <button
        value="l"
      >
        l
      </button>
      <button
        value="m"
      >
        m
      </button>
      <button
        value="n"
      >
        n
      </button>
      <button
        value="o"
      >
        o
      </button>
      <button
        value="p"
      >
        p
      </button>
      <button
        value="q"
      >
        q
      </button>
      <button
        value="r"
      >
        r
      </button>
      <button
        value="s"
      >
        s
      </button>
      <button
        value="t"
      >
        t
      </button>
      <button
        value="u"
      >
        u
      </button>
      <button
        value="v"
      >
        v
      </button>
      <button
        value="w"
      >
        w
      </button>
      <button
        value="x"
      >
        x
      </button>
      <button
        value="y"
      >
        y
      </button>
      <button
        value="z"
      >
        z
      </button>
    </p>
    <h3
      class="messageArea"
    >
      \`You lose, the correct word was 
      apple
      \`
    </h3>
  </div>
</div>
`;

exports[`displays 'you lose', 'answer' when maxWrong is reached, and  1`] = `
<div>
  <div
    class="Snowman"
  >
    <img
      alt="6"
      src="6.png"
    />
    <p>
      Number wrong: 
      6
    </p>
    <p
      class="Snowman-word"
    >
      _
      _
      _
      _
      _
    </p>
    <p
      class="buttonsArea"
      style="visibility: hidden;"
    >
      <button
        value="a"
      >
        a
      </button>
      <button
        disabled=""
        value="b"
      >
        b
      </button>
      <button
        disabled=""
        value="c"
      >
        c
      </button>
      <button
        disabled=""
        value="d"
      >
        d
      </button>
      <button
        value="e"
      >
        e
      </button>
      <button
        disabled=""
        value="f"
      >
        f
      </button>
      <button
        disabled=""
        value="g"
      >
        g
      </button>
      <button
        disabled=""
        value="h"
      >
        h
      </button>
      <button
        value="i"
      >
        i
      </button>
      <button
        value="j"
      >
        j
      </button>
      <button
        value="k"
      >
        k
      </button>
      <button
        value="l"
      >
        l
      </button>
      <button
        value="m"
      >
        m
      </button>
      <button
        value="n"
      >
        n
      </button>
      <button
        value="o"
      >
        o
      </button>
      <button
        value="p"
      >
        p
      </button>
      <button
        value="q"
      >
        q
      </button>
      <button
        value="r"
      >
        r
      </button>
      <button
        value="s"
      >
        s
      </button>
      <button
        value="t"
      >
        t
      </button>
      <button
        value="u"
      >
        u
      </button>
      <button
        value="v"
      >
        v
      </button>
      <button
        value="w"
      >
        w
      </button>
      <button
        value="x"
      >
        x
      </button>
      <button
        value="y"
      >
        y
      </button>
      <button
        value="z"
      >
        z
      </button>
    </p>
    <h3
      class="messageArea"
    >
      \`You lose, the correct word was 
      apple
      \`
    </h3>
  </div>
</div>
`;

exports[`displays 'you lose', 'answer' when maxWrong is reached, and doesn't show the buttons 1`] = `
<div>
  <div
    class="Snowman"
  >
    <img
      alt="6"
      src="6.png"
    />
    <p>
      Number wrong: 
      6
    </p>
    <p
      class="Snowman-word"
    >
      _
      _
      _
      _
      _
    </p>
    <p
      class="buttonsArea"
      style="visibility: hidden;"
    >
      <button
        value="a"
      >
        a
      </button>
      <button
        disabled=""
        value="b"
      >
        b
      </button>
      <button
        disabled=""
        value="c"
      >
        c
      </button>
      <button
        disabled=""
        value="d"
      >
        d
      </button>
      <button
        value="e"
      >
        e
      </button>
      <button
        disabled=""
        value="f"
      >
        f
      </button>
      <button
        disabled=""
        value="g"
      >
        g
      </button>
      <button
        disabled=""
        value="h"
      >
        h
      </button>
      <button
        value="i"
      >
        i
      </button>
      <button
        value="j"
      >
        j
      </button>
      <button
        value="k"
      >
        k
      </button>
      <button
        value="l"
      >
        l
      </button>
      <button
        value="m"
      >
        m
      </button>
      <button
        value="n"
      >
        n
      </button>
      <button
        value="o"
      >
        o
      </button>
      <button
        value="p"
      >
        p
      </button>
      <button
        value="q"
      >
        q
      </button>
      <button
        value="r"
      >
        r
      </button>
      <button
        value="s"
      >
        s
      </button>
      <button
        value="t"
      >
        t
      </button>
      <button
        value="u"
      >
        u
      </button>
      <button
        value="v"
      >
        v
      </button>
      <button
        value="w"
      >
        w
      </button>
      <button
        value="x"
      >
        x
      </button>
      <button
        value="y"
      >
        y
      </button>
      <button
        value="z"
      >
        z
      </button>
    </p>
    <h3
      class="messageArea"
    >
      \`You lose, the correct word was 
      apple
      \`
    </h3>
  </div>
</div>
`;

exports[`displays 'you lose', 'answer' when maxWrong is reached, and doesnt show the buttons 1`] = `
<div>
  <div
    class="Snowman"
  >
    <img
      alt="6"
      src="6.png"
    />
    <p>
      Number wrong: 
      6
    </p>
    <p
      class="Snowman-word"
    >
      _
      _
      _
      _
      _
    </p>
    <p
      class="buttonsArea"
      style="visibility: hidden;"
    >
      <button
        value="a"
      >
        a
      </button>
      <button
        disabled=""
        value="b"
      >
        b
      </button>
      <button
        disabled=""
        value="c"
      >
        c
      </button>
      <button
        disabled=""
        value="d"
      >
        d
      </button>
      <button
        value="e"
      >
        e
      </button>
      <button
        disabled=""
        value="f"
      >
        f
      </button>
      <button
        disabled=""
        value="g"
      >
        g
      </button>
      <button
        disabled=""
        value="h"
      >
        h
      </button>
      <button
        value="i"
      >
        i
      </button>
      <button
        value="j"
      >
        j
      </button>
      <button
        value="k"
      >
        k
      </button>
      <button
        value="l"
      >
        l
      </button>
      <button
        value="m"
      >
        m
      </button>
      <button
        value="n"
      >
        n
      </button>
      <button
        value="o"
      >
        o
      </button>
      <button
        value="p"
      >
        p
      </button>
      <button
        value="q"
      >
        q
      </button>
      <button
        value="r"
      >
        r
      </button>
      <button
        value="s"
      >
        s
      </button>
      <button
        value="t"
      >
        t
      </button>
      <button
        value="u"
      >
        u
      </button>
      <button
        value="v"
      >
        v
      </button>
      <button
        value="w"
      >
        w
      </button>
      <button
        value="x"
      >
        x
      </button>
      <button
        value="y"
      >
        y
      </button>
      <button
        value="z"
      >
        z
      </button>
    </p>
    <h3
      class="messageArea"
    >
      \`You lose, the correct word was 
      apple
      \`
    </h3>
  </div>
</div>
`;

exports[`displays 'you lose', answer when maxWrong is reached 1`] = `
<div>
  <div
    class="Snowman"
  >
    <img
      alt="6"
      src="6.png"
    />
    <p>
      Number wrong: 
      6
    </p>
    <p
      class="Snowman-word"
    >
      _
      _
      _
      _
      _
    </p>
    <p
      class="buttonsArea"
      style="visibility: hidden;"
    >
      <button
        value="a"
      >
        a
      </button>
      <button
        disabled=""
        value="b"
      >
        b
      </button>
      <button
        disabled=""
        value="c"
      >
        c
      </button>
      <button
        disabled=""
        value="d"
      >
        d
      </button>
      <button
        value="e"
      >
        e
      </button>
      <button
        disabled=""
        value="f"
      >
        f
      </button>
      <button
        disabled=""
        value="g"
      >
        g
      </button>
      <button
        disabled=""
        value="h"
      >
        h
      </button>
      <button
        value="i"
      >
        i
      </button>
      <button
        value="j"
      >
        j
      </button>
      <button
        value="k"
      >
        k
      </button>
      <button
        value="l"
      >
        l
      </button>
      <button
        value="m"
      >
        m
      </button>
      <button
        value="n"
      >
        n
      </button>
      <button
        value="o"
      >
        o
      </button>
      <button
        value="p"
      >
        p
      </button>
      <button
        value="q"
      >
        q
      </button>
      <button
        value="r"
      >
        r
      </button>
      <button
        value="s"
      >
        s
      </button>
      <button
        value="t"
      >
        t
      </button>
      <button
        value="u"
      >
        u
      </button>
      <button
        value="v"
      >
        v
      </button>
      <button
        value="w"
      >
        w
      </button>
      <button
        value="x"
      >
        x
      </button>
      <button
        value="y"
      >
        y
      </button>
      <button
        value="z"
      >
        z
      </button>
    </p>
    <h3
      class="messageArea"
    >
      \`You lose, the correct word was 
      apple
      \`
    </h3>
  </div>
</div>
`;

exports[`displays you lose when maxWrong is reached 1`] = `
<div>
  <div
    class="Snowman"
  >
    <img
      alt="6"
      src="6.png"
    />
    <p>
      Number wrong: 
      6
    </p>
    <p
      class="Snowman-word"
    >
      _
      _
      _
      _
      _
    </p>
    <p
      class="buttonsArea"
      style="visibility: hidden;"
    >
      <button
        value="a"
      >
        a
      </button>
      <button
        disabled=""
        value="b"
      >
        b
      </button>
      <button
        disabled=""
        value="c"
      >
        c
      </button>
      <button
        disabled=""
        value="d"
      >
        d
      </button>
      <button
        value="e"
      >
        e
      </button>
      <button
        disabled=""
        value="f"
      >
        f
      </button>
      <button
        disabled=""
        value="g"
      >
        g
      </button>
      <button
        disabled=""
        value="h"
      >
        h
      </button>
      <button
        value="i"
      >
        i
      </button>
      <button
        value="j"
      >
        j
      </button>
      <button
        value="k"
      >
        k
      </button>
      <button
        value="l"
      >
        l
      </button>
      <button
        value="m"
      >
        m
      </button>
      <button
        value="n"
      >
        n
      </button>
      <button
        value="o"
      >
        o
      </button>
      <button
        value="p"
      >
        p
      </button>
      <button
        value="q"
      >
        q
      </button>
      <button
        value="r"
      >
        r
      </button>
      <button
        value="s"
      >
        s
      </button>
      <button
        value="t"
      >
        t
      </button>
      <button
        value="u"
      >
        u
      </button>
      <button
        value="v"
      >
        v
      </button>
      <button
        value="w"
      >
        w
      </button>
      <button
        value="x"
      >
        x
      </button>
      <button
        value="y"
      >
        y
      </button>
      <button
        value="z"
      >
        z
      </button>
    </p>
    <h3
      class="messageArea"
    >
      \`You lose, the correct word was 
      apple
      \`
    </h3>
  </div>
</div>
`;
